// Jest Snapshot v1, https://goo.gl/fbAQLP

exports[`Parser 1`] = `
Object {
  "children": Array [
    Object {
      "length": 33,
      "type": "value",
      "value": "The square of five is written as ",
    },
    Object {
      "children": Array [
        Object {
          "length": 3,
          "type": "value",
          "value": "5^2",
        },
      ],
      "length": 32,
      "name": "reactex_math",
      "props": Object {
        "length": 0,
        "props": Object {},
        "type": "props",
      },
      "tag": "reactex_math",
      "type": "element",
    },
  ],
  "length": 102,
  "name": "reactex_document",
  "props": Object {
    "length": 0,
    "props": Object {},
    "type": "props",
  },
  "tag": "reactex_document",
  "type": "element",
}
`;
